// Jest Snapshot v1, https://goo.gl/fbAQLP

exports[`NewQuestion will match snapshot 1`] = `undefined`;
